node.exe : C:\Users
\Asus\Downloads\gam
eeeeeiii\playarena-
backend\node_module
s\ts-node\src\index
.ts:859
At line:1 char:1
+ & "C:\Program Fil
es\nodejs/node.exe"
 "C:\Users\Asus\App
Data\Roaming\n ...
+ ~~~~~~~~~~~~~~~~~
~~~~~~~~~~~~~~~~~~~
~~~~~~~~~~~~~~~~~~~
~~~~~~~~~~~~~~
    + CategoryInfo 
             : No  
  tSpecified: (C   
 :\Users\Asus\D    
...rc\index.ts    
:859:String) [    
], RemoteExcep    
tion
    + FullyQualifi 
   edErrorId : Na  
  tiveCommandErr   
 or
 
    return new TSEr
ror(diagnosticText,
 diagnosticCodes, 
diagnostics);
           ^
TSError: Γ¿» 
Unable to compile 
TypeScript:
test_poker.ts(9,11)
: error TS2741: 
Property 
'position' is 
missing in type '{ 
sessionId: string; 
username: string; 
}' but required in 
type 'GamePlayer'.
test_poker.ts(10,11
): error TS2741: 
Property 
'position' is 
missing in type '{ 
sessionId: string; 
username: string; 
}' but required in 
type 'GamePlayer'.
test_poker.ts(11,11
): error TS2741: 
Property 
'position' is 
missing in type '{ 
sessionId: string; 
username: string; 
}' but required in 
type 'GamePlayer'.

    at 
createTSError (C:\U
sers\Asus\Downloads
\gameeeeeiii\playar
ena-backend\node_mo
dules\ts-node\src\i
ndex.ts:859:12)
    at 
reportTSError (C:\U
sers\Asus\Downloads
\gameeeeeiii\playar
ena-backend\node_mo
dules\ts-node\src\i
ndex.ts:863:19)
    at getOutput (C
:\Users\Asus\Downlo
ads\gameeeeeiii\pla
yarena-backend\node
_modules\ts-node\sr
c\index.ts:1077:36)
    at 
Object.compile (C:\
Users\Asus\Download
s\gameeeeeiii\playa
rena-backend\node_m
odules\ts-node\src\
index.ts:1433:41)
    at 
Module.m._compile (
C:\Users\Asus\Downl
oads\gameeeeeiii\pl
ayarena-backend\nod
e_modules\ts-node\s
rc\index.ts:1617:30
)
    at node:interna
l/modules/cjs/loade
r:1839:10
    at Object.requi
re.extensions.<comp
uted> [as .ts] (C:\
Users\Asus\Download
s\gameeeeeiii\playa
rena-backend\node_m
odules\ts-node\src\
index.ts:1621:12)
    at Module.load 
(node:internal/modu
les/cjs/loader:1441
:32)
    at 
Function._load (nod
e:internal/modules/
cjs/loader:1263:12)
    at TracingChann
el.traceSync (node:
diagnostics_channel
:322:14) {
  diagnosticCodes: 
[ 2741, 2741, 2741 
]
}
